[debug] [2026-07-13T02:16:06.537Z] ----------------------------------------------------------------------
[debug] [2026-07-13T02:16:06.539Z] Command:       C:\Program Files\nodejs\node.exe C:\Users\admin\AppData\Roaming\npm\node_modules\firebase-tools\lib\bin\firebase.js emulators:start --only firestore --project spartan-g-dev --inspect-functions
[debug] [2026-07-13T02:16:06.540Z] CLI Version:   15.20.0
[debug] [2026-07-13T02:16:06.540Z] Platform:      win32
[debug] [2026-07-13T02:16:06.540Z] Node Version:  v24.15.0
[debug] [2026-07-13T02:16:06.540Z] Time:          Mon Jul 13 2026 10:16:06 GMT+0800 (Philippine Standard Time)
[debug] [2026-07-13T02:16:06.540Z] ----------------------------------------------------------------------
[debug] 
[debug] [2026-07-13T02:16:06.542Z] >>> [apiv2][query] GET https://firebase-public.firebaseio.com/cli.json [none]
[debug] [2026-07-13T02:16:10.555Z] > command requires scopes: ["email","openid","https://www.googleapis.com/auth/cloudplatformprojects.readonly","https://www.googleapis.com/auth/firebase","https://www.googleapis.com/auth/cloud-platform"]
[debug] [2026-07-13T02:16:10.555Z] > authorizing via signed-in user (ksteven81605@gmail.com)
[warn] !  Could not find config (firebase.json) so using defaults. 
[debug] [2026-07-13T02:16:11.017Z] <<< [apiv2][status] GET https://firebase-public.firebaseio.com/cli.json 200
[debug] [2026-07-13T02:16:11.018Z] <<< [apiv2][body] GET https://firebase-public.firebaseio.com/cli.json {"cloudBuildErrorAfter":1594252800000,"cloudBuildWarnAfter":1590019200000,"defaultNode10After":1594252800000,"minVersion":"3.0.5","node8DeploysDisabledAfter":1613390400000,"node8RuntimeDisabledAfter":1615809600000,"node8WarnAfter":1600128000000}
[debug] [2026-07-13T02:16:14.685Z] java version "25.0.2" 2026-01-20 LTS
Java(TM) SE Runtime Environment (build 25.0.2+10-LTS-69)

[debug] [2026-07-13T02:16:14.686Z] Java HotSpot(TM) 64-Bit Server VM (build 25.0.2+10-LTS-69, mixed mode, sharing)

[debug] [2026-07-13T02:16:14.738Z] Parsed Java major version: 25
[info] i  emulators: Starting emulators: firestore {"metadata":{"emulator":{"name":"hub"},"message":"Starting emulators: firestore"}}
[debug] [2026-07-13T02:16:14.749Z] [logging] Logging Emulator only supports listening on one address (127.0.0.1). Not listening on ::1
[debug] [2026-07-13T02:16:14.749Z] [firestore] Firestore Emulator only supports listening on one address (127.0.0.1). Not listening on ::1
[debug] [2026-07-13T02:16:14.749Z] [firestore.websocket] websocket server for firestore only supports listening on one address (127.0.0.1). Not listening on ::1
[debug] [2026-07-13T02:16:14.749Z] assigned listening specs for emulators {"user":{"hub":[{"address":"127.0.0.1","family":"IPv4","port":4400},{"address":"::1","family":"IPv6","port":4400}],"ui":[{"address":"127.0.0.1","family":"IPv4","port":4000},{"address":"::1","family":"IPv6","port":4000}],"logging":[{"address":"127.0.0.1","family":"IPv4","port":4500}],"firestore":[{"address":"127.0.0.1","family":"IPv4","port":8080}],"firestore.websocket":[{"address":"127.0.0.1","family":"IPv4","port":9150}]},"metadata":{"message":"assigned listening specs for emulators"}}
[debug] [2026-07-13T02:16:14.753Z] Write emulator hub locator at C:\Users\admin\AppData\Local\Temp\hub-spartan-g-dev.json
[warn] !  firestore: Did not find a Cloud Firestore rules file specified in a firebase.json config file. {"metadata":{"emulator":{"name":"firestore"},"message":"Did not find a Cloud Firestore rules file specified in a firebase.json config file."}}
[warn] !  firestore: The emulator will default to allowing all reads and writes. Learn more about this option: https://firebase.google.com/docs/emulator-suite/install_and_configure#security_rules_configuration. {"metadata":{"emulator":{"name":"firestore"},"message":"The emulator will default to allowing all reads and writes. Learn more about this option: https://firebase.google.com/docs/emulator-suite/install_and_configure#security_rules_configuration."}}
[info] i  firestore: downloading cloud-firestore-emulator-v1.21.0.jar... {"metadata":{"emulator":{"name":"firestore"},"message":"downloading cloud-firestore-emulator-v1.21.0.jar..."}}
[debug] [2026-07-13T02:16:14.764Z] >>> [apiv2][query] GET https://storage.googleapis.com/firebase-preview-drop/emulator/cloud-firestore-emulator-v1.21.0.jar 
[debug] [2026-07-13T02:16:15.021Z] <<< [apiv2][status] GET https://storage.googleapis.com/firebase-preview-drop/emulator/cloud-firestore-emulator-v1.21.0.jar 200
[debug] [2026-07-13T02:16:15.021Z] <<< [apiv2][body] GET https://storage.googleapis.com/firebase-preview-drop/emulator/cloud-firestore-emulator-v1.21.0.jar [stream]
[debug] [2026-07-13T02:16:22.012Z] Ignoring unsupported arg: auto_download {"metadata":{"emulator":{"name":"firestore"},"message":"Ignoring unsupported arg: auto_download"}}
[debug] [2026-07-13T02:16:22.013Z] Ignoring unsupported arg: single_project_mode_error {"metadata":{"emulator":{"name":"firestore"},"message":"Ignoring unsupported arg: single_project_mode_error"}}
[debug] [2026-07-13T02:16:22.013Z] Starting Firestore Emulator with command {"binary":"java","args":["-Dgoogle.cloud_firestore.debug_log_level=FINE","-Duser.language=en","-jar","C:\\Users\\admin\\.cache\\firebase\\emulators\\cloud-firestore-emulator-v1.21.0.jar","--host","127.0.0.1","--port",8080,"--websocket_port",9150,"--database-edition","standard","--project_id","spartan-g-dev","--single_project_mode",true],"optionalArgs":["port","webchannel_port","host","rules","websocket_port","database-edition","functions_emulator","seed_from_export","project_id","single_project_mode"],"joinArgs":false,"shell":false,"port":8080} {"metadata":{"emulator":{"name":"firestore"},"message":"Starting Firestore Emulator with command {\"binary\":\"java\",\"args\":[\"-Dgoogle.cloud_firestore.debug_log_level=FINE\",\"-Duser.language=en\",\"-jar\",\"C:\\\\Users\\\\admin\\\\.cache\\\\firebase\\\\emulators\\\\cloud-firestore-emulator-v1.21.0.jar\",\"--host\",\"127.0.0.1\",\"--port\",8080,\"--websocket_port\",9150,\"--database-edition\",\"standard\",\"--project_id\",\"spartan-g-dev\",\"--single_project_mode\",true],\"optionalArgs\":[\"port\",\"webchannel_port\",\"host\",\"rules\",\"websocket_port\",\"database-edition\",\"functions_emulator\",\"seed_from_export\",\"project_id\",\"single_project_mode\"],\"joinArgs\":false,\"shell\":false,\"port\":8080}"}}
[info] i  firestore: Firestore Emulator logging to firestore-debug.log {"metadata":{"emulator":{"name":"firestore"},"message":"Firestore Emulator logging to \u001b[1mfirestore-debug.log\u001b[22m"}}
[info] +  firestore: Firestore Emulator was started in standard edition. {"metadata":{"emulator":{"name":"firestore"},"message":"Firestore Emulator was started in standard edition."}}
[info] +  firestore: Firestore Emulator UI websocket is running on 9150. {"metadata":{"emulator":{"name":"firestore"},"message":"Firestore Emulator UI websocket is running on 9150."}}
[info] i  ui: downloading ui-v1.15.0.zip... {"metadata":{"emulator":{"name":"ui"},"message":"downloading ui-v1.15.0.zip..."}}
[debug] [2026-07-13T02:16:23.716Z] >>> [apiv2][query] GET https://storage.googleapis.com/firebase-preview-drop/emulator/ui-v1.15.0.zip 
[debug] [2026-07-13T02:16:23.905Z] <<< [apiv2][status] GET https://storage.googleapis.com/firebase-preview-drop/emulator/ui-v1.15.0.zip 200
[debug] [2026-07-13T02:16:23.906Z] <<< [apiv2][body] GET https://storage.googleapis.com/firebase-preview-drop/emulator/ui-v1.15.0.zip [stream]
[debug] [2026-07-13T02:16:24.888Z] Data is 3538469
[debug] [2026-07-13T02:16:24.889Z] [unzip] Entry: client/ (compressed_size=0 bytes, uncompressed_size=0 bytes)
[debug] [2026-07-13T02:16:24.890Z] [unzip] Processing entry: client\
[debug] [2026-07-13T02:16:24.890Z] [unzip] mkdir: C:\Users\admin\.cache\firebase\emulators\ui-v1.15.0\client\
[debug] [2026-07-13T02:16:24.891Z] [unzip] Entry: client/favicon-16x16.png (compressed_size=293 bytes, uncompressed_size=293 bytes)
[debug] [2026-07-13T02:16:24.891Z] [unzip] Processing entry: client\favicon-16x16.png
[debug] [2026-07-13T02:16:24.891Z] [unzip] else mkdir: C:\Users\admin\.cache\firebase\emulators\ui-v1.15.0\client
[debug] [2026-07-13T02:16:24.891Z] [unzip] Writing file: C:\Users\admin\.cache\firebase\emulators\ui-v1.15.0\client\favicon-16x16.png
[debug] [2026-07-13T02:16:24.893Z] [unzip] Entry: client/safari-pinned-tab.svg (compressed_size=1433 bytes, uncompressed_size=2611 bytes)
[debug] [2026-07-13T02:16:24.893Z] [unzip] Processing entry: client\safari-pinned-tab.svg
[debug] [2026-07-13T02:16:24.893Z] [unzip] else mkdir: C:\Users\admin\.cache\firebase\emulators\ui-v1.15.0\client
[debug] [2026-07-13T02:16:24.895Z] [unzip] deflating: C:\Users\admin\.cache\firebase\emulators\ui-v1.15.0\client\safari-pinned-tab.svg
[debug] [2026-07-13T02:16:24.905Z] [unzip] Entry: client/favicon.ico (compressed_size=2933 bytes, uncompressed_size=13294 bytes)
[debug] [2026-07-13T02:16:24.905Z] [unzip] Processing entry: client\favicon.ico
[debug] [2026-07-13T02:16:24.905Z] [unzip] else mkdir: C:\Users\admin\.cache\firebase\emulators\ui-v1.15.0\client
[debug] [2026-07-13T02:16:24.906Z] [unzip] deflating: C:\Users\admin\.cache\firebase\emulators\ui-v1.15.0\client\favicon.ico
[debug] [2026-07-13T02:16:24.907Z] [unzip] Entry: client/index.html (compressed_size=1364 bytes, uncompressed_size=3071 bytes)
[debug] [2026-07-13T02:16:24.907Z] [unzip] Processing entry: client\index.html
[debug] [2026-07-13T02:16:24.907Z] [unzip] else mkdir: C:\Users\admin\.cache\firebase\emulators\ui-v1.15.0\client
[debug] [2026-07-13T02:16:24.907Z] [unzip] deflating: C:\Users\admin\.cache\firebase\emulators\ui-v1.15.0\client\index.html
[debug] [2026-07-13T02:16:24.908Z] [unzip] Entry: client/android-chrome-192x192.png (compressed_size=2684 bytes, uncompressed_size=2684 bytes)
[debug] [2026-07-13T02:16:24.908Z] [unzip] Processing entry: client\android-chrome-192x192.png
[debug] [2026-07-13T02:16:24.908Z] [unzip] else mkdir: C:\Users\admin\.cache\firebase\emulators\ui-v1.15.0\client
[debug] [2026-07-13T02:16:24.909Z] [unzip] Writing file: C:\Users\admin\.cache\firebase\emulators\ui-v1.15.0\client\android-chrome-192x192.png
[debug] [2026-07-13T02:16:24.909Z] [unzip] Entry: client/apple-touch-icon.png (compressed_size=2123 bytes, uncompressed_size=2152 bytes)
[debug] [2026-07-13T02:16:24.909Z] [unzip] Processing entry: client\apple-touch-icon.png
[debug] [2026-07-13T02:16:24.909Z] [unzip] else mkdir: C:\Users\admin\.cache\firebase\emulators\ui-v1.15.0\client
[debug] [2026-07-13T02:16:24.910Z] [unzip] deflating: C:\Users\admin\.cache\firebase\emulators\ui-v1.15.0\client\apple-touch-icon.png
[debug] [2026-07-13T02:16:24.910Z] [unzip] Entry: client/android-chrome-512x512.png (compressed_size=5369 bytes, uncompressed_size=5411 bytes)
[debug] [2026-07-13T02:16:24.911Z] [unzip] Processing entry: client\android-chrome-512x512.png
[debug] [2026-07-13T02:16:24.911Z] [unzip] else mkdir: C:\Users\admin\.cache\firebase\emulators\ui-v1.15.0\client
[debug] [2026-07-13T02:16:24.911Z] [unzip] deflating: C:\Users\admin\.cache\firebase\emulators\ui-v1.15.0\client\android-chrome-512x512.png
[debug] [2026-07-13T02:16:24.912Z] [unzip] Entry: client/manifest.json (compressed_size=245 bytes, uncompressed_size=551 bytes)
[debug] [2026-07-13T02:16:24.912Z] [unzip] Processing entry: client\manifest.json
[debug] [2026-07-13T02:16:24.912Z] [unzip] else mkdir: C:\Users\admin\.cache\firebase\emulators\ui-v1.15.0\client
[debug] [2026-07-13T02:16:24.912Z] [unzip] deflating: C:\Users\admin\.cache\firebase\emulators\ui-v1.15.0\client\manifest.json
[debug] [2026-07-13T02:16:24.913Z] [unzip] Entry: client/robots.txt (compressed_size=26 bytes, uncompressed_size=26 bytes)
[debug] [2026-07-13T02:16:24.913Z] [unzip] Processing entry: client\robots.txt
[debug] [2026-07-13T02:16:24.913Z] [unzip] else mkdir: C:\Users\admin\.cache\firebase\emulators\ui-v1.15.0\client
[debug] [2026-07-13T02:16:24.913Z] [unzip] Writing file: C:\Users\admin\.cache\firebase\emulators\ui-v1.15.0\client\robots.txt
[debug] [2026-07-13T02:16:24.914Z] [unzip] Entry: client/mstile-150x150.png (compressed_size=2034 bytes, uncompressed_size=2034 bytes)
[debug] [2026-07-13T02:16:24.914Z] [unzip] Processing entry: client\mstile-150x150.png
[debug] [2026-07-13T02:16:24.914Z] [unzip] else mkdir: C:\Users\admin\.cache\firebase\emulators\ui-v1.15.0\client
[debug] [2026-07-13T02:16:24.914Z] [unzip] Writing file: C:\Users\admin\.cache\firebase\emulators\ui-v1.15.0\client\mstile-150x150.png
[debug] [2026-07-13T02:16:24.915Z] [unzip] Entry: client/assets/ (compressed_size=0 bytes, uncompressed_size=0 bytes)
[debug] [2026-07-13T02:16:24.915Z] [unzip] Processing entry: client\assets\
[debug] [2026-07-13T02:16:24.915Z] [unzip] mkdir: C:\Users\admin\.cache\firebase\emulators\ui-v1.15.0\client\assets\
[debug] [2026-07-13T02:16:24.915Z] [unzip] Entry: client/assets/index-BX-A56oj.js (compressed_size=582089 bytes, uncompressed_size=2092775 bytes)
[debug] [2026-07-13T02:16:24.915Z] [unzip] Processing entry: client\assets\index-BX-A56oj.js
[debug] [2026-07-13T02:16:24.915Z] [unzip] else mkdir: C:\Users\admin\.cache\firebase\emulators\ui-v1.15.0\client\assets
[debug] [2026-07-13T02:16:24.916Z] [unzip] deflating: C:\Users\admin\.cache\firebase\emulators\ui-v1.15.0\client\assets\index-BX-A56oj.js
[debug] [2026-07-13T02:16:24.925Z] [unzip] Entry: client/assets/index-CjB9C900.css (compressed_size=35979 bytes, uncompressed_size=298654 bytes)
[debug] [2026-07-13T02:16:24.926Z] [unzip] Processing entry: client\assets\index-CjB9C900.css
[debug] [2026-07-13T02:16:24.926Z] [unzip] else mkdir: C:\Users\admin\.cache\firebase\emulators\ui-v1.15.0\client\assets
[debug] [2026-07-13T02:16:24.926Z] [unzip] deflating: C:\Users\admin\.cache\firebase\emulators\ui-v1.15.0\client\assets\index-CjB9C900.css
[debug] [2026-07-13T02:16:24.928Z] [unzip] Entry: client/assets/index-BX-A56oj.js.map (compressed_size=2362482 bytes, uncompressed_size=10036679 bytes)
[debug] [2026-07-13T02:16:24.928Z] [unzip] Processing entry: client\assets\index-BX-A56oj.js.map
[debug] [2026-07-13T02:16:24.928Z] [unzip] else mkdir: C:\Users\admin\.cache\firebase\emulators\ui-v1.15.0\client\assets
[debug] [2026-07-13T02:16:24.929Z] [unzip] deflating: C:\Users\admin\.cache\firebase\emulators\ui-v1.15.0\client\assets\index-BX-A56oj.js.map
[debug] [2026-07-13T02:16:24.971Z] [unzip] Entry: client/assets/extensions/ (compressed_size=0 bytes, uncompressed_size=0 bytes)
[debug] [2026-07-13T02:16:24.971Z] [unzip] Processing entry: client\assets\extensions\
[debug] [2026-07-13T02:16:24.972Z] [unzip] mkdir: C:\Users\admin\.cache\firebase\emulators\ui-v1.15.0\client\assets\extensions\
[debug] [2026-07-13T02:16:24.972Z] [unzip] Entry: client/assets/extensions/default-extension.png (compressed_size=1646 bytes, uncompressed_size=1657 bytes)
[debug] [2026-07-13T02:16:24.972Z] [unzip] Processing entry: client\assets\extensions\default-extension.png
[debug] [2026-07-13T02:16:24.972Z] [unzip] else mkdir: C:\Users\admin\.cache\firebase\emulators\ui-v1.15.0\client\assets\extensions
[debug] [2026-07-13T02:16:24.973Z] [unzip] deflating: C:\Users\admin\.cache\firebase\emulators\ui-v1.15.0\client\assets\extensions\default-extension.png
[debug] [2026-07-13T02:16:24.974Z] [unzip] Entry: client/assets/img/ (compressed_size=0 bytes, uncompressed_size=0 bytes)
[debug] [2026-07-13T02:16:24.974Z] [unzip] Processing entry: client\assets\img\
[debug] [2026-07-13T02:16:24.974Z] [unzip] mkdir: C:\Users\admin\.cache\firebase\emulators\ui-v1.15.0\client\assets\img\
[debug] [2026-07-13T02:16:24.975Z] [unzip] Entry: client/assets/img/database.png (compressed_size=29449 bytes, uncompressed_size=29988 bytes)
[debug] [2026-07-13T02:16:24.975Z] [unzip] Processing entry: client\assets\img\database.png
[debug] [2026-07-13T02:16:24.975Z] [unzip] else mkdir: C:\Users\admin\.cache\firebase\emulators\ui-v1.15.0\client\assets\img
[debug] [2026-07-13T02:16:24.975Z] [unzip] deflating: C:\Users\admin\.cache\firebase\emulators\ui-v1.15.0\client\assets\img\database.png
[debug] [2026-07-13T02:16:24.976Z] [unzip] Entry: client/assets/provider-icons/ (compressed_size=0 bytes, uncompressed_size=0 bytes)
[debug] [2026-07-13T02:16:24.976Z] [unzip] Processing entry: client\assets\provider-icons\
[debug] [2026-07-13T02:16:24.976Z] [unzip] mkdir: C:\Users\admin\.cache\firebase\emulators\ui-v1.15.0\client\assets\provider-icons\
[debug] [2026-07-13T02:16:24.977Z] [unzip] Entry: client/assets/provider-icons/auth_service_saml.svg (compressed_size=575 bytes, uncompressed_size=1226 bytes)
[debug] [2026-07-13T02:16:24.977Z] [unzip] Processing entry: client\assets\provider-icons\auth_service_saml.svg
[debug] [2026-07-13T02:16:24.977Z] [unzip] else mkdir: C:\Users\admin\.cache\firebase\emulators\ui-v1.15.0\client\assets\provider-icons
[debug] [2026-07-13T02:16:24.977Z] [unzip] deflating: C:\Users\admin\.cache\firebase\emulators\ui-v1.15.0\client\assets\provider-icons\auth_service_saml.svg
[debug] [2026-07-13T02:16:24.978Z] [unzip] Entry: client/assets/provider-icons/auth_service_phone.svg (compressed_size=261 bytes, uncompressed_size=414 bytes)
[debug] [2026-07-13T02:16:24.978Z] [unzip] Processing entry: client\assets\provider-icons\auth_service_phone.svg
[debug] [2026-07-13T02:16:24.978Z] [unzip] else mkdir: C:\Users\admin\.cache\firebase\emulators\ui-v1.15.0\client\assets\provider-icons
[debug] [2026-07-13T02:16:24.979Z] [unzip] deflating: C:\Users\admin\.cache\firebase\emulators\ui-v1.15.0\client\assets\provider-icons\auth_service_phone.svg
[debug] [2026-07-13T02:16:24.979Z] [unzip] Entry: client/assets/provider-icons/auth_service_facebook.svg (compressed_size=289 bytes, uncompressed_size=457 bytes)
[debug] [2026-07-13T02:16:24.980Z] [unzip] Processing entry: client\assets\provider-icons\auth_service_facebook.svg
[debug] [2026-07-13T02:16:24.980Z] [unzip] else mkdir: C:\Users\admin\.cache\firebase\emulators\ui-v1.15.0\client\assets\provider-icons
[debug] [2026-07-13T02:16:24.980Z] [unzip] deflating: C:\Users\admin\.cache\firebase\emulators\ui-v1.15.0\client\assets\provider-icons\auth_service_facebook.svg
[debug] [2026-07-13T02:16:24.981Z] [unzip] Entry: client/assets/provider-icons/auth_service_game_center.svg (compressed_size=991 bytes, uncompressed_size=3921 bytes)
[debug] [2026-07-13T02:16:24.981Z] [unzip] Processing entry: client\assets\provider-icons\auth_service_game_center.svg
[debug] [2026-07-13T02:16:24.981Z] [unzip] else mkdir: C:\Users\admin\.cache\firebase\emulators\ui-v1.15.0\client\assets\provider-icons
[debug] [2026-07-13T02:16:24.982Z] [unzip] deflating: C:\Users\admin\.cache\firebase\emulators\ui-v1.15.0\client\assets\provider-icons\auth_service_game_center.svg
[debug] [2026-07-13T02:16:24.982Z] [unzip] Entry: client/assets/provider-icons/auth_service_apple.svg (compressed_size=230 bytes, uncompressed_size=334 bytes)
[debug] [2026-07-13T02:16:24.982Z] [unzip] Processing entry: client\assets\provider-icons\auth_service_apple.svg
[debug] [2026-07-13T02:16:24.982Z] [unzip] else mkdir: C:\Users\admin\.cache\firebase\emulators\ui-v1.15.0\client\assets\provider-icons
[debug] [2026-07-13T02:16:24.983Z] [unzip] deflating: C:\Users\admin\.cache\firebase\emulators\ui-v1.15.0\client\assets\provider-icons\auth_service_apple.svg
[debug] [2026-07-13T02:16:24.984Z] [unzip] Entry: client/assets/provider-icons/auth_service_github.svg (compressed_size=466 bytes, uncompressed_size=838 bytes)
[debug] [2026-07-13T02:16:24.984Z] [unzip] Processing entry: client\assets\provider-icons\auth_service_github.svg
[debug] [2026-07-13T02:16:24.984Z] [unzip] else mkdir: C:\Users\admin\.cache\firebase\emulators\ui-v1.15.0\client\assets\provider-icons
[debug] [2026-07-13T02:16:24.984Z] [unzip] deflating: C:\Users\admin\.cache\firebase\emulators\ui-v1.15.0\client\assets\provider-icons\auth_service_github.svg
[debug] [2026-07-13T02:16:24.985Z] [unzip] Entry: client/assets/provider-icons/auth_service_mslive.svg (compressed_size=203 bytes, uncompressed_size=378 bytes)
[debug] [2026-07-13T02:16:24.985Z] [unzip] Processing entry: client\assets\provider-icons\auth_service_mslive.svg
[debug] [2026-07-13T02:16:24.985Z] [unzip] else mkdir: C:\Users\admin\.cache\firebase\emulators\ui-v1.15.0\client\assets\provider-icons
[debug] [2026-07-13T02:16:24.985Z] [unzip] deflating: C:\Users\admin\.cache\firebase\emulators\ui-v1.15.0\client\assets\provider-icons\auth_service_mslive.svg
[debug] [2026-07-13T02:16:24.986Z] [unzip] Entry: client/assets/provider-icons/auth_service_yahoo.svg (compressed_size=577 bytes, uncompressed_size=1182 bytes)
[debug] [2026-07-13T02:16:24.986Z] [unzip] Processing entry: client\assets\provider-icons\auth_service_yahoo.svg
[debug] [2026-07-13T02:16:24.986Z] [unzip] else mkdir: C:\Users\admin\.cache\firebase\emulators\ui-v1.15.0\client\assets\provider-icons
[debug] [2026-07-13T02:16:24.987Z] [unzip] deflating: C:\Users\admin\.cache\firebase\emulators\ui-v1.15.0\client\assets\provider-icons\auth_service_yahoo.svg
[debug] [2026-07-13T02:16:24.987Z] [unzip] Entry: client/assets/provider-icons/auth_service_twitter.svg (compressed_size=444 bytes, uncompressed_size=751 bytes)
[debug] [2026-07-13T02:16:24.988Z] [unzip] Processing entry: client\assets\provider-icons\auth_service_twitter.svg
[debug] [2026-07-13T02:16:24.988Z] [unzip] else mkdir: C:\Users\admin\.cache\firebase\emulators\ui-v1.15.0\client\assets\provider-icons
[debug] [2026-07-13T02:16:24.988Z] [unzip] deflating: C:\Users\admin\.cache\firebase\emulators\ui-v1.15.0\client\assets\provider-icons\auth_service_twitter.svg
[debug] [2026-07-13T02:16:24.989Z] [unzip] Entry: client/assets/provider-icons/auth_service_play_games.svg (compressed_size=565 bytes, uncompressed_size=1173 bytes)
[debug] [2026-07-13T02:16:24.989Z] [unzip] Processing entry: client\assets\provider-icons\auth_service_play_games.svg
[debug] [2026-07-13T02:16:24.989Z] [unzip] else mkdir: C:\Users\admin\.cache\firebase\emulators\ui-v1.15.0\client\assets\provider-icons
[debug] [2026-07-13T02:16:24.989Z] [unzip] deflating: C:\Users\admin\.cache\firebase\emulators\ui-v1.15.0\client\assets\provider-icons\auth_service_play_games.svg
[debug] [2026-07-13T02:16:24.990Z] [unzip] Entry: client/assets/provider-icons/auth_service_email.svg (compressed_size=228 bytes, uncompressed_size=326 bytes)
[debug] [2026-07-13T02:16:24.990Z] [unzip] Processing entry: client\assets\provider-icons\auth_service_email.svg
[debug] [2026-07-13T02:16:24.990Z] [unzip] else mkdir: C:\Users\admin\.cache\firebase\emulators\ui-v1.15.0\client\assets\provider-icons
[debug] [2026-07-13T02:16:24.991Z] [unzip] deflating: C:\Users\admin\.cache\firebase\emulators\ui-v1.15.0\client\assets\provider-icons\auth_service_email.svg
[debug] [2026-07-13T02:16:24.991Z] [unzip] Entry: client/assets/provider-icons/auth_service_google.svg (compressed_size=409 bytes, uncompressed_size=720 bytes)
[debug] [2026-07-13T02:16:24.992Z] [unzip] Processing entry: client\assets\provider-icons\auth_service_google.svg
[debug] [2026-07-13T02:16:24.992Z] [unzip] else mkdir: C:\Users\admin\.cache\firebase\emulators\ui-v1.15.0\client\assets\provider-icons
[debug] [2026-07-13T02:16:24.992Z] [unzip] deflating: C:\Users\admin\.cache\firebase\emulators\ui-v1.15.0\client\assets\provider-icons\auth_service_google.svg
[debug] [2026-07-13T02:16:24.993Z] [unzip] Entry: client/assets/provider-icons/auth_service_oidc.svg (compressed_size=414 bytes, uncompressed_size=858 bytes)
[debug] [2026-07-13T02:16:24.993Z] [unzip] Processing entry: client\assets\provider-icons\auth_service_oidc.svg
[debug] [2026-07-13T02:16:24.993Z] [unzip] else mkdir: C:\Users\admin\.cache\firebase\emulators\ui-v1.15.0\client\assets\provider-icons
[debug] [2026-07-13T02:16:24.993Z] [unzip] deflating: C:\Users\admin\.cache\firebase\emulators\ui-v1.15.0\client\assets\provider-icons\auth_service_oidc.svg
[debug] [2026-07-13T02:16:24.994Z] [unzip] Entry: client/browserconfig.xml (compressed_size=491 bytes, uncompressed_size=822 bytes)
[debug] [2026-07-13T02:16:24.995Z] [unzip] Processing entry: client\browserconfig.xml
[debug] [2026-07-13T02:16:24.995Z] [unzip] else mkdir: C:\Users\admin\.cache\firebase\emulators\ui-v1.15.0\client
[debug] [2026-07-13T02:16:24.995Z] [unzip] deflating: C:\Users\admin\.cache\firebase\emulators\ui-v1.15.0\client\browserconfig.xml
[debug] [2026-07-13T02:16:24.996Z] [unzip] Entry: client/favicon-32x32.png (compressed_size=475 bytes, uncompressed_size=475 bytes)
[debug] [2026-07-13T02:16:24.996Z] [unzip] Processing entry: client\favicon-32x32.png
[debug] [2026-07-13T02:16:24.996Z] [unzip] else mkdir: C:\Users\admin\.cache\firebase\emulators\ui-v1.15.0\client
[debug] [2026-07-13T02:16:24.996Z] [unzip] Writing file: C:\Users\admin\.cache\firebase\emulators\ui-v1.15.0\client\favicon-32x32.png
[debug] [2026-07-13T02:16:24.997Z] [unzip] Entry: server/ (compressed_size=0 bytes, uncompressed_size=0 bytes)
[debug] [2026-07-13T02:16:24.997Z] [unzip] Processing entry: server\
[debug] [2026-07-13T02:16:24.997Z] [unzip] mkdir: C:\Users\admin\.cache\firebase\emulators\ui-v1.15.0\server\
[debug] [2026-07-13T02:16:24.998Z] [unzip] Entry: server/server.mjs.map (compressed_size=217845 bytes, uncompressed_size=944978 bytes)
[debug] [2026-07-13T02:16:24.998Z] [unzip] Processing entry: server\server.mjs.map
[debug] [2026-07-13T02:16:24.998Z] [unzip] else mkdir: C:\Users\admin\.cache\firebase\emulators\ui-v1.15.0\server
[debug] [2026-07-13T02:16:24.998Z] [unzip] deflating: C:\Users\admin\.cache\firebase\emulators\ui-v1.15.0\server\server.mjs.map
[debug] [2026-07-13T02:16:25.003Z] [unzip] Entry: server/server.mjs (compressed_size=276407 bytes, uncompressed_size=933701 bytes)
[debug] [2026-07-13T02:16:25.003Z] [unzip] Processing entry: server\server.mjs
[debug] [2026-07-13T02:16:25.003Z] [unzip] else mkdir: C:\Users\admin\.cache\firebase\emulators\ui-v1.15.0\server
[debug] [2026-07-13T02:16:25.003Z] [unzip] deflating: C:\Users\admin\.cache\firebase\emulators\ui-v1.15.0\server\server.mjs
[debug] [2026-07-13T02:16:25.017Z] Could not find VSCode notification endpoint: FetchError: request to http://localhost:40001/vscode/notify failed, reason: . If you are not running the Firebase SQL Connect VSCode extension, this is expected and not an issue.
[info] 
┌─────────────────────────────────────────────────────────────┐
│ ✔  All emulators ready! It is now safe to connect your app. │
│ i  View Emulator UI at http://127.0.0.1:4000/               │
└─────────────────────────────────────────────────────────────┘

┌───────────┬────────────────┬─────────────────────────────────┐
│ Emulator  │ Host:Port      │ View in Emulator UI             │
├───────────┼────────────────┼─────────────────────────────────┤
│ Firestore │ 127.0.0.1:8080 │ http://127.0.0.1:4000/firestore │
└───────────┴────────────────┴─────────────────────────────────┘
  Emulator Hub host: 127.0.0.1 port: 4400
  Other reserved ports: 4500, 9150

Issues? Report them at https://github.com/firebase/firebase-tools/issues and attach the *-debug.log files.
 
